Blog too small(0): 21csg.files.wordpress.com
Blog too small(2): 1st4fitness.wordpress.com
Blog too small(0): 24hourfitnessnorthgatesttl.wordpress.com
Blog too small(0): 2alamen.files.wordpress.com
Blog too small(0): 3015ift.files.wordpress.com
Blog too big(87565): 3novicesunitedkingdom.wordpress.com
Blog too small(1): 50milehikers.wordpress.com
Blog too small(3): 9erin9.wordpress.com
Blog too big(14992): 9to5google.wordpress.com
Blog too big(29888): 9to5mac.wordpress.com
Blog too small(3): abbyovertonfitness.wordpress.com
Blog too small(0): abeahan.files.wordpress.com
Blog too small(0): acceptablemashedxiwzogvhdd.wordpress.com
Blog too small(0): accultura.files.wordpress.com
Blog too small(0): aceitfittheory.files.wordpress.com
Blog too small(0): acephysed.files.wordpress.com
Blog too small(1): acfitnesstraining.wordpress.com
Blog too small(1): activepersonaltrainerssingapore.wordpress.com
Blog too small(1): actualisefitness.wordpress.com
Blog too small(0): adebordre5710.files.wordpress.com
ERROR: Duplicate error on insert of additionalfitness.wordpress.com
Blog too small(0): adhayward.files.wordpress.com
Blog too small(0): admwilsondotcom.files.wordpress.com
Blog too big(3943): adventuresinjuggling.me
Blog too small(0): advourc.files.wordpress.com
Blog too big(3862): agexonline.wordpress.com
Blog too big(6268): ajd8.wordpress.com
Blog too small(0): 21csg.files.wordpress.com
Blog too small(2): 1st4fitness.wordpress.com
Blog too small(0): 24hourfitnessnorthgatesttl.wordpress.com
Blog too small(0): 2alamen.files.wordpress.com
Blog too small(0): 3015ift.files.wordpress.com
Blog too big(87566): 3novicesunitedkingdom.wordpress.com
Blog too small(1): 50milehikers.wordpress.com
Blog too small(3): 9erin9.wordpress.com
Blog too big(14993): 9to5google.wordpress.com
Blog too big(29888): 9to5mac.wordpress.com
Blog too small(0): abeahan.files.wordpress.com
Blog too small(3): abbyovertonfitness.wordpress.com
Blog too small(0): acceptablemashedxiwzogvhdd.wordpress.com
Blog too small(0): accultura.files.wordpress.com
Blog too small(0): aceitfittheory.files.wordpress.com
Blog too small(0): acephysed.files.wordpress.com
Blog too small(1): acfitnesstraining.wordpress.com
Blog too small(1): activepersonaltrainerssingapore.wordpress.com
Blog too small(1): actualisefitness.wordpress.com
Blog too small(0): adebordre5710.files.wordpress.com
ERROR: Duplicate error on insert of additionalfitness.wordpress.com
Blog too small(0): adhayward.files.wordpress.com
Blog too small(0): admwilsondotcom.files.wordpress.com
Blog too big(3943): adventuresinjuggling.me
Blog too small(0): advourc.files.wordpress.com
Blog too big(3862): agexonline.wordpress.com
Blog too big(6268): ajd8.wordpress.com
